[
    {
        "application": "vespa.node",
        "dimensions": {
            "flavor": "docker",
            "role": "tenants",
            "host": "host1.test.yahoo.com",
            "state": "ready",
            "parentHostname": "parent.host.name.yahoo.com",
            "zone": "dev.us-east-1"
        },
        "metrics": {
            "alive": 1.0
        },
        "routing": {
            "yamas": {
                "namespaces": ["Vespa"]
            }
        }
    },
    {
        "application": "docker",
        "dimensions": {
            "flavor": "docker",
            "role": "tenants",
            "host": "host1.test.yahoo.com",
            "state": "ready",
            "parentHostname": "parent.host.name.yahoo.com",
            "zone": "dev.us-east-1"
        },
        "metrics": {
            "node.alive": 1.0
        },
        "routing": {
            "yamas": {
                "namespaces": ["Vespa"]
            }
        }
    }
]
