[
    {
        "application": "docker",
        "dimensions": {
            "flavor": "docker",
            "applicationName": "testapp",
            "instanceName": "testinstance",
            "applicationId": "tester.testapp.testinstance",
            "app": "testapp.testinstance",
            "clustertype": "clustType",
            "role": "tenants",
            "tenantName": "tester",
            "host": "host1.test.yahoo.com",
            "vespaVersion": "1.2.3",
            "state": "active",
            "clusterid": "clustId",
            "parentHostname": "parent.host.name.yahoo.com",
            "zone": "dev.us-east-1",
            "interface": "eth1"
        },
        "metrics": {
            "node.net.out.bytes": 5.4246745E7,
            "node.net.out.errors": 0.0,
            "node.net.out.dropped": 0.0,
            "node.net.in.bytes": 3245766.0,
            "node.net.in.errors": 0.0,
            "node.net.in.dropped": 0.0
        },
        "routing": {
            "yamas": {
                "namespaces": ["Vespa"]
            }
        }
    },
    {
        "application": "docker",
        "dimensions": {
            "flavor": "docker",
            "applicationName": "testapp",
            "instanceName": "testinstance",
            "applicationId": "tester.testapp.testinstance",
            "app": "testapp.testinstance",
            "clustertype": "clustType",
            "role": "tenants",
            "tenantName": "tester",
            "host": "host1.test.yahoo.com",
            "vespaVersion": "1.2.3",
            "state": "active",
            "clusterid": "clustId",
            "parentHostname": "parent.host.name.yahoo.com",
            "zone": "dev.us-east-1"
        },
        "metrics": {
            "node.cpu.busy.pct": 6.75,
            "node.cpu.throttled_time": 4523.0,
            "node.memory.usage": 1.073741824E9,
            "node.memory.limit": 4.294967296E9,
            "node.disk.used": 4.2547019776E10,
            "node.disk.limit": 2.68435456E11
        },
        "routing": {
            "yamas": {
                "namespaces": ["Vespa"]
            }
        }
    },
    {
        "application": "docker",
        "dimensions": {
            "flavor": "docker",
            "applicationName": "testapp",
            "instanceName": "testinstance",
            "applicationId": "tester.testapp.testinstance",
            "app": "testapp.testinstance",
            "clustertype": "clustType",
            "role": "tenants",
            "tenantName": "tester",
            "host": "host1.test.yahoo.com",
            "vespaVersion": "1.2.3",
            "state": "active",
            "clusterid": "clustId",
            "parentHostname": "parent.host.name.yahoo.com",
            "zone": "dev.us-east-1",
            "interface": "eth0"
        },
        "metrics": {
            "node.net.out.bytes": 2.0303455E7,
            "node.net.out.errors": 3.0,
            "node.net.out.dropped": 13.0,
            "node.net.in.bytes": 1.949927E7,
            "node.net.in.errors": 55.0,
            "node.net.in.dropped": 4.0
        },
        "routing": {
            "yamas": {
                "namespaces": ["Vespa"]
            }
        }
    }
]
